  wikipedia
  https://en.wikipedia.org/wiki/List_of_HTTP_header_fields
  postmane
  curl -o- "https://dl-cli.pstmn.io/install/linux64.sh" | sh
  step one
  wget https://dl.pstmn.io/download/latest/linux64 -O postman.tar.gz
tar -xzf postman.tar.gz
 sudo mv Postman /opt
sudo ln -s /opt/Postman/Postman /usr/local/bin/postman
sudo dnf install openssl
postmane

sudo snap install postman
Name :

149.248.21.40
4.Lt?)h#K3$(ADcF

 ssh root@208.72.154.60
.Ly4mf}x-2e*=K.b


sftp://45.76.170.240/
root 3!dD*UNZjJ]7o2dM


http://45.76.170.240/api/authenticate
{
  "username" : "admin",
  "password" : "helloAdmin"
}

Sheraz $ zip -r bulk.zip aaa
  adding: aaa/ (stored 0%)
  
  php --ini

http://45.77.150.111/api/transmissions/?status=completed&from=1697050800&to=1698087600&tenant_id=2&user_id=3&direction=inbound

?status=completed&from=1697050800&to=1698087600&tenant_id=2&user_id=3&direction=inbound


?direction=inbound
status=completed
Sheraz $ 
[ictvision@mujahid ~]$ ssh root@demo.ictfax.com^C
[ictvision@mujahid ~]$ vi /home/ictvision/.ssh/known_hosts
[ictvision@mujahid ~]$ ssh root@demo.ictfax.com
The authenticity of host 'demo.ictfax.com (209.246.143.242)' can't be established.
ED25519 key fingerprint is SHA256:VQK2IdUjWVTZiGjlNvYqEPu4qsNex57ye6fHKjGKyzE.
This host key is known by the following other names/addresses:
    ~/.ssh/known_hosts:5: 209.246.143.242
Are you sure you want to continue connecting (yes/no/[fingerprint])? yes
Warning: Permanently added 'demo.ictfax.com' (ED25519) to the list of known hosts.
[ictvision@mujahid ~]$ vi /home/ictvision/.ssh/known_hosts
[ictvision@mujahid ~]$ ssh root@demo.ictfax.com
root@demo.ictfax.com's password: 
[root@centos8 core]# yum install ack
 chack request
tail -f /usr/ictcore/log/ictcore.log /var/log/httpd/*
tail -f /usr/ictcore/log/ictcore.log /etc/httpd/logs/error_log
/var/log/apache2/error_log

http://45.77.222.188/api/transmissions/fax/tenants?tenant_id=1
primery kay delete																																																								
truncate table usr;
select * from role_permission where role_id=1;
truncate role_permission;
truncate role;
PHP -v 7.4.33 
10.3.28-MariaDB
  // $link = '1';
    // echo ($link == 1) ? "chack this code , User!" : "Please chack errors.";
http://66.135.10.179/api/authenticate?username=admin&password=helloAdmin
github     
git clone https://github.com/ictinnovations/ictfax.gitD
how to use mysql database in linux fedora.
1st
sudo mysql -u root -p
not out comnde quit
2nd
create database books;
use books;
3nd
create table authors (id INT, name VARCHAR(20), email VARCHAR(20));
select * from transmission\G
 create table leed_link ( group_id int(11), leed_id int(11) );
ALTER TABLE crm_opportunity
DROP COLUMN compaign;
 ALTER TABLE crm_opportunity
ADD campaign VACCHAR(225);
ALTER TABLE crm_opportunity RENAME COLUMN compaign to campaign;
INSERT INTO role_permission (role_id, permission_id)  VALUES(1,2)

INSERT INTO user_role (role_id, usr_id)  VALUES(1,2)
SELECT * FROM usr\G;
select * from permission where permission_id in (1,3,6,72);
select * from permission where permission_id in (1,3,6,72,80,88,94,65,44);
select * from role_permission where permission_id in (1,3,6,72,80,88,94,65,44) and role_id=2;
select * from role_permission where permission_id in (1,3,6,72,80,88,94,65,44) and role_id=2;
insert into role_permission values (null,2,3);
insert into role_permission values (null,2,6);
insert into role_permission values (null,2,72);
insert into role_permission values (null,2,80);
insert into role_permission values (null,2,88);
insert into role_permission values (null,2,94);
insert into role_permission values (null,2,65;
insert into role_permission values (null,2,65);
insert into role_permission values (null,2,44);

      UPDATE account SET tenant_id=%tenant_id%, created_by=%user_id%, email=NULL WHERE account_id=%account_id%
     
     UPDATE account SET tenant_id=11, created_by=1, email=NULL WHERE account_id=91;
    
    Corelog:: log(" tenant_id ------->" . print_r($this->tenant_id, true), Corelog::ERROR);
    Corelog:: log("account_id---->" . print_r($this->account_id, true), Corelog::ERROR);
    Corelog::log("user_id ---->" . print_r($user_id, true), Corelog::ERROR);
    Corelog::log("first_name ---->" . print_r($this->first_name, true), Corelog::ERROR);
    Corelog::log("Update query result: " . ($result ? "Success" : "Failed"), Corelog::ERROR);   




select * from account where account_id =85;
INSERT INTO leed (leed_id, tenant_id, first_name, last_name, phone, email, address) 
VALUES('', '', 'sheraz', 'ameer', '03070142344', 'sheraz@gmail.com', 'multan');
chack this error log work


">=" is a symbol"greater than or equal to."

"<=" is a symbol  "less than or equal to."
install process
sudo dnf install php-zip

cd /usr/ictcore/cache/
rm -rf urlMap.cache 
cd /usr/
chmod 777 db.php
sudo chmod -R 777 /path/to/directory
chmod -R 755 /usr/ictcore/core/lib/ession.php  
-rwxr-xr-x. 
all permission
chmod u+rwx /opt/lampp/htdocs/csv/files  directory path

vi filename
i   insert mode
Esc for default mode
u   for revert changes
d   for delete full line
:322 for finding lines
/object for finding variables
:q  exit without  changes
:wq exit with chnage
locate 
find 
   github branchs
    el7/service-provider ==> with php 5.x 
    aw2/service-provider  ==> with php 5.x 
    el8/service-provider ==> with php 7.x 
most use
git add *
git status
git commit -m"Did Number Configuration"
git push

git pull
git init
git add *
git status
git commit -m"DID Number->(email-->user_assign-->faxtoemail)  Configuration

git push
git log
git log --oneline
git push --force
token


git log --oneline
git reset 82eb127
git restore
git stash
git stash pop
git add core/Account.php


sherazameer github token
git branch
git checkout
git checkout origin/HEAD 
git checkout master
git branch -all
git fetch
git branch
git fetch --all
git checkout khuzama_testing
git log

github
password Sheraz13579  0hint

local machine copy to move server
scp -r /home/ictvision/angular/ictfax-13/ictfax/dist root@66.42.90.19:/usr/
scp /home/ictvision/angular/ictfax-13/ictfax/dist.zip root@66.42.90.19:/usr/


server folder copy to move system
scp -r root@66.42.90.19:/usr/ictfax-sourcecode /home/ictvision/angular/
       vs
scp -r /home/ictvision/angular/ictfax-13/ictfax/ dist.zip root@66.42.90.19:/usr/ 


convert /tmp/documentICr3Dx.png /tmp/documentICr3Dx.pdf
which convert

sudo apt install imagemagick-6.q16
sudo apt install graphicsmagick-imagemagick-compat
sudo apt install imagemagick
sudo apt-get install ghostscript
df -h /tmp

root@ictfax-testing:/# convert --version
Command 'convert' not found, but can be installed with:
apt install graphicsmagick-imagemagick-compat  # version 1.4+really1.3.42-1, or
apt install imagemagick-6.q16                  # version 8:6.9.11.60+dfsg-1.6ubuntu1
apt install imagemagick-6.q16hdri              # version 8:6.9.11.60+dfsg-1.6ubuntu1


server folder copy to
/home/ictvision/Downloads/ictcore-7/ictcore
scp -r root@66.42.90.19:/usr/ictcore/core Downloads/ictcore-7/ictcore
scp -r Documents/dist root@66.135.10.179:/usr
server remonve folder
rm-rf /usr/ictfax
copy to dircty file
cp -r /home/ictvision/ictcrm/Contact.php  /home/ictvision/chepp/
features/el8/multi_tenant    //branch
SOURCE /usr/ictcore/db/database.sql;
SOURCE /usr/ictcore/db/email.sql;
SOURCE /usr/ictcore/db/fax.sql;
source /usr/ictcore/db/ictfax.sql;
source /usr/ictcore/db/sms.sql;
SOURCE /usr/ictcore/db/voice.sql;
SOURCE /usr/ictcore/db/data/demo_users.sql;
SOURCE /usr/ictcore/db/data/role_admin.sql;
SOURCE /usr/ictcore/db/data/role_user.sql;
sudo chown ictcore /usr/ictcore/core/Core.php
link update php
https://tecadmin.net/install-lamp-on-fedora/
command apacha stop
systemctl stop httpd.service
service httpd stop
use sql comand
sudo mysql -u root -p
command stop mysql
service mysql stop
xammp run
cd /opt/lampp && sudo ./manager-linux-x64.run
sudo chmod 644 /usr/ictcore/core/Core.php
chown -R ictcore:ictcore /path/to/kannel


shot cammand  ctrl+shift+L
 

poweroff
 sudo dnf install snapd
 sudo ln -s /var/lib/snapd/snap /snap
 sudo snap install utorrent
sudo nano /etc/yum.repos.d/vscode.repo

[code]
name=Visual Studio Code
baseurl=https://packages.microsoft.com/yumrepos/vscode
enabled=1
gpgcheck=1
gpgkey=https://packages.microsoft.com/keys/microsoft.asc
Press Ctrl + O to save.
Press Enter to confirm the file name.
Exit nano:
Press Ctrl + X to exit.
sudo dnf clean all
sudo dnf check-update
sudo dnf install code
wget https://go.microsoft.com/fwlink/?LinkID=760867 -O code.rpm
sudo dnf install ./code.rpm


