  wikipedia
  https://en.wikipedia.org/wiki/List_of_HTTP_header_fields
  postmane
  curl -o- "https://dl-cli.pstmn.io/install/linux64.sh" | sh
Name :
ssh root@45.76.170.240
3!dD*UNZjJ]7o2dM
sftp://45.76.170.240/
root 3!dD*UNZjJ]7o2dM
http://45.76.170.240/api/authenticate
{
  "username" : "admin",
  "password" : "helloAdmin"
}
Sheraz $ zip -r bulk.zip aaa
  adding: aaa/ (stored 0%)
  php --ini
http://45.77.150.111/api/transmissions/?status=completed&from=1697050800&to=1698087600&tenant_id=2&user_id=3&direction=inbound
?status=completed&from=1697050800&to=1698087600&tenant_id=2&user_id=3&direction=inbound
?direction=inbound
status=completed
Sheraz $ 
[ictvision@mujahid ~]$ ssh root@demo.ictfax.com^C
[ictvision@mujahid ~]$ vi /home/ictvision/.ssh/known_hosts
[ictvision@mujahid ~]$ ssh root@demo.ictfax.com
The authenticity of host 'demo.ictfax.com (209.246.143.242)' can't be established.
ED25519 key fingerprint is SHA256:VQK2IdUjWVTZiGjlNvYqEPu4qsNex57ye6fHKjGKyzE.
This host key is known by the following other names/addresses:
    ~/.ssh/known_hosts:5: 209.246.143.242
Are you sure you want to continue connecting (yes/no/[fingerprint])? yes
Warning: Permanently added 'demo.ictfax.com' (ED25519) to the list of known hosts.
[ictvision@mujahid ~]$ vi /home/ictvision/.ssh/known_hosts
[ictvision@mujahid ~]$ ssh root@demo.ictfax.com
root@demo.ictfax.com's password: 
[root@centos8 core]# yum install ack
 chack request
[root@centos8 cache]# tail -f /usr/ictcore/log/ictcore.log /var/log/httpd/*
tail -f /usr/ictcore/log/ictcore.log /etc/httpd/logs/error_log
http://45.77.222.188/api/transmissions/fax/tenants?tenant_id=1
primery kay delete																																																								
truncate table usr;
select * from role_permission where role_id=1;
truncate role_permission;
truncate role;
PHP -v 7.4.33 
10.3.28-MariaDB
  // $link = '1';
    // echo ($link == 1) ? "chack this code , User!" : "Please chack errors.";
http://66.135.10.179/api/authenticate?username=admin&password=helloAdmin
github     
git clone https://github.com/ictinnovations/ictfax.gitD
how to use mysql database in linux fedora.
1st
sudo mysql -u root -p
not out comnde quit
2nd
create database books;
use books;
3nd
create table authors (id INT, name VARCHAR(20), email VARCHAR(20));
select * from transmission\G
 create table leed_link ( group_id int(11), leed_id int(11) );
ALTER TABLE crm_opportunity
DROP COLUMN compaign;
 ALTER TABLE crm_opportunity
ADD campaign VACCHAR(225);
ALTER TABLE crm_opportunity RENAME COLUMN compaign to campaign;
INSERT INTO role_permission (role_id, permission_id)  VALUES(1,2)
INSERT INTO user_role (role_id, usr_id)  VALUES(1,2)
select * from permission where permission_id in (1,3,6,72);
select * from permission where permission_id in (1,3,6,72,80,88,94,65,44);
select * from role_permission where permission_id in (1,3,6,72,80,88,94,65,44) and role_id=2;
select * from role_permission where permission_id in (1,3,6,72,80,88,94,65,44) and role_id=2;
insert into role_permission values (null,2,3);
insert into role_permission values (null,2,6);
insert into role_permission values (null,2,72);
insert into role_permission values (null,2,80);
insert into role_permission values (null,2,88);
insert into role_permission values (null,2,94);
insert into role_permission values (null,2,65;
insert into role_permission values (null,2,65);
insert into role_permission values (null,2,44);
INSERT INTO leed (leed_id, tenant_id, first_name, last_name, phone, email, address) 
VALUES('', '', 'sheraz', 'ameer', '03070142344', 'sheraz@gmail.com', 'multan');
chack this error log work
">=" is a symbol"greater than or equal to."
ictvision@192:~$ sudo code --no-sandbox --user-data-dir=/path/to/alternate/user/data/directory
ictvision@192:~$ whoami
ictvision
ictvision@192:~$ groups username
groups: ‘username’: no such user
ictvision@192:~$ id -u
1000
"<=" is a symbol  "less than or equal to."
install process
sudo dnf install php-zip
cd /usr/ictcore/cache/
rm -rf urlMap.cache 
cd /usr/
chmod 777 db.php
sudo chmod -R 777 /path/to/directory
chmod -R 755 /usr/ictcore/core/lib/ession.php  
-rwxr-xr-x. 
all permission
chmod u+rwx /opt/lampp/htdocs/csv/files  directory path
vi filename
i   insert mode
Esc for default mode
u   for revert changes
d   for delete full line
:322 for finding lines
/object for finding variables
:q  exit without  changes
:wq exit with chnage
locate 
find 
ictvision3
1304095c
server folder copy to
/home/ictvision/Downloads/ictcore-7/ictcore
scp -r root@66.135.10.179:/usr/ictcore/core Downloads/ictcore-7/ictcore
scp -r Documents/dist root@66.135.10.179:/usr
server remonve folder
r-rf /usr/ictfax
copy to dircty file
cp -r /home/ictvision/ictcrm/Contact.php  /home/ictvision/chepp/
features/el8/multi_tenant    //branch
SOURCE /usr/ictcore/db/database.sql;
SOURCE /usr/ictcore/db/email.sql;
SOURCE /usr/ictcore/db/fax.sql;
source /usr/ictcore/db/ictfax.sql;
source /usr/ictcore/db/sms.sql;
SOURCE /usr/ictcore/db/voice.sql;
SOURCE /usr/ictcore/db/data/demo_users.sql;
SOURCE /usr/ictcore/db/data/role_admin.sql;
SOURCE /usr/ictcore/db/data/role_user.sql;
sudo chown ictcore /usr/ictcore/core/Core.php
link update php
https://tecadmin.net/install-lamp-on-fedora/
command apacha stop
systemctl stop httpd.service
service httpd stop
use sql comand
sudo mysql -u root -p
command stop mysql
service mysql stop
xammp run
cd /opt/lampp && sudo ./manager-linux-x64.run
sudo chmod 644 /usr/ictcore/core/Core.php
chown -R ictcore:ictcore /path/to/kannel
